// Jest Snapshot v1, https://goo.gl/fbAQLP

exports[`Prueba unitarias formulario de citas Comprobar que el componente se renderize correctamente  1`] = `
<styled.form
  onSubmit={[Function]}
>
  <WithStyles(ForwardRef(TextField))
    id="outlined-required"
    label="Nombre del Propietario"
    name="nombrePropietario"
    onChange={[Function]}
    type="text"
    value=""
    variant="outlined"
  />
  <WithStyles(ForwardRef(TextField))
    id="outlined-required"
    label="Nombre de la mascota"
    name="nombreMascota"
    onChange={[Function]}
    value=""
    variant="outlined"
  />
  <WithStyles(ForwardRef(FormControl))
    variant="outlined"
  >
    <WithStyles(ForwardRef(InputLabel))
      htmlFor="outlined-age-native-simple"
    >
      Tipo de servicio
    </WithStyles(ForwardRef(InputLabel))>
    <WithStyles(ForwardRef(Select))
      label="Age"
      name="tipoServicio"
      native={true}
      onChange={[Function]}
      value=""
    >
      <option
        aria-label="None"
        value=""
      />
      <option
        value="basico"
      >
        Basico
      </option>
      <option
        value="regular"
      >
        Regular
      </option>
      <option
        value="premium"
      >
        Premium
      </option>
    </WithStyles(ForwardRef(Select))>
  </WithStyles(ForwardRef(FormControl))>
  <WithStyles(ForwardRef(TextField))
    InputProps={
      Object {
        "readOnly": true,
      }
    }
    id="outlined-required"
    label="Tarifa"
    name="tarfia"
    onChange={[Function]}
    value={0}
    variant="outlined"
  />
  <WithStyles(ForwardRef(TextField))
    InputLabelProps={
      Object {
        "shrink": true,
      }
    }
    id="datetime-local"
    label="Fecha y hora de la cita"
    name="fechaHora"
    onChange={[Function]}
    type="datetime-local"
    value=""
  />
  <WithStyles(ForwardRef(TextField))
    id="outlined-multiline-static"
    label="Observaciones"
    multiline={true}
    name="observaciones"
    onChange={[Function]}
    value=""
    variant="outlined"
  />
  <WithStyles(ForwardRef(Button))
    color="primary"
    id="button"
    type="submit"
    variant="contained"
  >
    Guardar Citas
  </WithStyles(ForwardRef(Button))>
</styled.form>
`;
